2025-10-22 14:58:49,745 INFO o.a.j.u.JMeterUtils: Setting Locale to en_EN
2025-10-22 14:58:49,789 INFO o.a.j.JMeter: Loading user properties from: D:\AAA_Performance\apache-jmeter-5.6.3\bin\user.properties
2025-10-22 14:58:49,798 INFO o.a.j.JMeter: Loading system properties from: D:\AAA_Performance\apache-jmeter-5.6.3\bin\system.properties
2025-10-22 14:58:49,815 INFO o.a.j.JMeter: Copyright (c) 1998-2024 The Apache Software Foundation
2025-10-22 14:58:49,815 INFO o.a.j.JMeter: Version 5.6.3
2025-10-22 14:58:49,815 INFO o.a.j.JMeter: java.version=17.0.5
2025-10-22 14:58:49,815 INFO o.a.j.JMeter: java.vm.name=Java HotSpot(TM) 64-Bit Server VM
2025-10-22 14:58:49,815 INFO o.a.j.JMeter: os.name=Windows 11
2025-10-22 14:58:49,816 INFO o.a.j.JMeter: os.arch=amd64
2025-10-22 14:58:49,816 INFO o.a.j.JMeter: os.version=10.0
2025-10-22 14:58:49,816 INFO o.a.j.JMeter: file.encoding=Cp1252
2025-10-22 14:58:49,816 INFO o.a.j.JMeter: java.awt.headless=true
2025-10-22 14:58:49,816 INFO o.a.j.JMeter: Max memory     =1073741824
2025-10-22 14:58:49,816 INFO o.a.j.JMeter: Available Processors =8
2025-10-22 14:58:49,828 INFO o.a.j.JMeter: Default Locale=English (EN)
2025-10-22 14:58:49,828 INFO o.a.j.JMeter: JMeter  Locale=English (EN)
2025-10-22 14:58:49,828 INFO o.a.j.JMeter: JMeterHome=D:\AAA_Performance\apache-jmeter-5.6.3
2025-10-22 14:58:49,828 INFO o.a.j.JMeter: user.dir  =D:\AAA_Performance
2025-10-22 14:58:49,828 INFO o.a.j.JMeter: PWD       =D:\AAA_Performance
2025-10-22 14:58:49,830 INFO o.a.j.JMeter: IP: 192.168.0.8 Name: TestMinds01 FullName: host.docker.internal
2025-10-22 14:58:49,883 INFO o.a.j.JMeter: Setting property 'jmeter.reportgenerator.outputdir' to:'D:\AAA_Performance\results\report'
2025-10-22 14:58:49,897 INFO o.a.j.s.FileServer: Default base='D:\AAA_Performance'
2025-10-22 14:58:49,900 INFO o.a.j.s.FileServer: Set new base='D:\AAA_Performance'
2025-10-22 14:58:50,112 INFO o.a.j.s.SaveService: Testplan (JMX) version: 2.2. Testlog (JTL) version: 2.2
2025-10-22 14:58:50,186 INFO o.a.j.s.SaveService: Using SaveService properties version 5.0
2025-10-22 14:58:50,189 INFO o.a.j.s.SaveService: Using SaveService properties file encoding UTF-8
2025-10-22 14:58:50,192 INFO o.a.j.s.SaveService: Loading file: D:\AAA_Performance\AAA.jmx
2025-10-22 14:58:50,343 INFO o.a.j.p.h.s.HTTPSamplerBase: Parser for text/html is org.apache.jmeter.protocol.http.parser.LagartoBasedHtmlParser
2025-10-22 14:58:50,343 INFO o.a.j.p.h.s.HTTPSamplerBase: Parser for application/xhtml+xml is org.apache.jmeter.protocol.http.parser.LagartoBasedHtmlParser
2025-10-22 14:58:50,344 INFO o.a.j.p.h.s.HTTPSamplerBase: Parser for application/xml is org.apache.jmeter.protocol.http.parser.LagartoBasedHtmlParser
2025-10-22 14:58:50,344 INFO o.a.j.p.h.s.HTTPSamplerBase: Parser for text/xml is org.apache.jmeter.protocol.http.parser.LagartoBasedHtmlParser
2025-10-22 14:58:50,344 INFO o.a.j.p.h.s.HTTPSamplerBase: Parser for text/vnd.wap.wml is org.apache.jmeter.protocol.http.parser.RegexpHTMLParser
2025-10-22 14:58:50,344 INFO o.a.j.p.h.s.HTTPSamplerBase: Parser for text/css is org.apache.jmeter.protocol.http.parser.CssParser
2025-10-22 14:58:50,377 INFO o.a.j.JMeter: Creating summariser <summary>
2025-10-22 14:58:50,382 INFO o.a.j.r.d.ReportGenerator: ReportGenerator will use for Parsing the separator: ','
2025-10-22 14:58:50,383 INFO o.a.j.r.d.ReportGenerator: Will generate report at end of test from  results file: D:/AAA_Performance/results/results.jtl
2025-10-22 14:58:50,383 INFO o.a.j.r.d.ReportGenerator: Reading report generator properties from: D:\AAA_Performance\apache-jmeter-5.6.3\bin\reportgenerator.properties
2025-10-22 14:58:50,401 INFO o.a.j.r.d.ReportGenerator: Merging with JMeter properties
2025-10-22 14:58:50,404 INFO o.a.j.r.c.ReportGeneratorConfiguration: Property 'jmeter.reportgenerator.temp_dir' not found, using default value 'temp' instead.
2025-10-22 14:58:50,406 INFO o.a.j.r.c.ReportGeneratorConfiguration: Property 'jmeter.reportgenerator.apdex_per_transaction' not found, using default value 'null' instead.
2025-10-22 14:58:50,406 INFO o.a.j.r.c.ReportGeneratorConfiguration: apdex_per_transaction is empty, not APDEX per transaction customization
2025-10-22 14:58:50,407 INFO o.a.j.r.c.ReportGeneratorConfiguration: Property 'jmeter.reportgenerator.sample_filter' not found, using default value 'null' instead.
2025-10-22 14:58:50,407 INFO o.a.j.r.c.ReportGeneratorConfiguration: Property 'jmeter.reportgenerator.report_title' not found, using default value 'null' instead.
2025-10-22 14:58:50,407 INFO o.a.j.r.c.ReportGeneratorConfiguration: Property 'jmeter.reportgenerator.start_date' not found, using default value 'null' instead.
2025-10-22 14:58:50,407 INFO o.a.j.r.c.ReportGeneratorConfiguration: Property 'jmeter.reportgenerator.end_date' not found, using default value 'null' instead.
2025-10-22 14:58:50,407 INFO o.a.j.r.c.ReportGeneratorConfiguration: Property 'jmeter.reportgenerator.date_format' not found, using default value 'null' instead.
2025-10-22 14:58:50,407 INFO o.a.j.r.c.ReportGeneratorConfiguration: Will use date range start date: null, end date: null
2025-10-22 14:58:50,413 INFO o.a.j.r.c.ReportGeneratorConfiguration: Property 'jmeter.reportgenerator.graph.totalTPS.exclude_controllers' not found, using default value 'false' instead.
2025-10-22 14:58:50,413 INFO o.a.j.r.c.ReportGeneratorConfiguration: Property 'jmeter.reportgenerator.graph.activeThreadsOverTime.exclude_controllers' not found, using default value 'false' instead.
2025-10-22 14:58:50,413 INFO o.a.j.r.c.ReportGeneratorConfiguration: Property 'jmeter.reportgenerator.graph.timeVsThreads.exclude_controllers' not found, using default value 'false' instead.
2025-10-22 14:58:50,413 INFO o.a.j.r.c.ReportGeneratorConfiguration: Property 'jmeter.reportgenerator.graph.responseTimeDistribution.exclude_controllers' not found, using default value 'false' instead.
2025-10-22 14:58:50,413 INFO o.a.j.r.c.ReportGeneratorConfiguration: Property 'jmeter.reportgenerator.graph.transactionsPerSecond.exclude_controllers' not found, using default value 'false' instead.
2025-10-22 14:58:50,413 INFO o.a.j.r.c.ReportGeneratorConfiguration: Property 'jmeter.reportgenerator.graph.responseTimePercentiles.exclude_controllers' not found, using default value 'false' instead.
2025-10-22 14:58:50,413 INFO o.a.j.r.c.ReportGeneratorConfiguration: Property 'jmeter.reportgenerator.graph.responseTimePercentilesOverTime.exclude_controllers' not found, using default value 'false' instead.
2025-10-22 14:58:50,414 INFO o.a.j.r.c.ReportGeneratorConfiguration: Property 'jmeter.reportgenerator.graph.responseTimesOverTime.exclude_controllers' not found, using default value 'false' instead.
2025-10-22 14:58:50,414 INFO o.a.j.r.c.ReportGeneratorConfiguration: Property 'jmeter.reportgenerator.graph.connectTimeOverTime.exclude_controllers' not found, using default value 'false' instead.
2025-10-22 14:58:50,414 INFO o.a.j.r.c.ReportGeneratorConfiguration: Property 'jmeter.reportgenerator.graph.latenciesOverTime.exclude_controllers' not found, using default value 'false' instead.
2025-10-22 14:58:50,415 INFO o.a.j.r.c.ReportGeneratorConfiguration: Property 'jmeter.reportgenerator.exporter.json.filters_only_sample_series' not found, using default value 'true' instead.
2025-10-22 14:58:50,415 INFO o.a.j.r.c.ReportGeneratorConfiguration: Property 'jmeter.reportgenerator.exporter.json.series_filter' not found, using default value '' instead.
2025-10-22 14:58:50,415 INFO o.a.j.r.c.ReportGeneratorConfiguration: Property 'jmeter.reportgenerator.exporter.json.show_controllers_only' not found, using default value 'false' instead.
2025-10-22 14:58:50,416 INFO o.a.j.r.c.ReportGeneratorConfiguration: Property 'jmeter.reportgenerator.exporter.html.filters_only_sample_series' not found, using default value 'true' instead.
2025-10-22 14:58:50,416 INFO o.a.j.r.c.ReportGeneratorConfiguration: Property 'jmeter.reportgenerator.exporter.html.series_filter' not found, using default value '' instead.
2025-10-22 14:58:50,416 INFO o.a.j.r.c.ReportGeneratorConfiguration: Property 'jmeter.reportgenerator.exporter.html.show_controllers_only' not found, using default value 'false' instead.
2025-10-22 14:58:50,433 INFO o.a.j.e.StandardJMeterEngine: Running the test!
2025-10-22 14:58:50,434 INFO o.a.j.s.SampleEvent: List of sample_variables: []
2025-10-22 14:58:50,434 INFO o.a.j.s.SampleEvent: List of sample_variables: []
2025-10-22 14:58:50,445 INFO o.a.j.e.u.CompoundVariable: Note: Function class names must contain the string: '.functions.'
2025-10-22 14:58:50,445 INFO o.a.j.e.u.CompoundVariable: Note: Function class names must not contain the string: '.gui.'
2025-10-22 14:58:50,587 INFO o.a.j.r.ClassFinder: Will scan jar D:\AAA_Performance\apache-jmeter-5.6.3\lib\ext\jmeter-plugins-casutg-3.0.jar with filter ExtendsClassFilter [parents=[interface org.apache.jmeter.functions.Function], inner=false, contains=null, notContains=null]. Consider exposing JMeter plugins via META-INF/services, and add JMeter-Skip-Class-Scanning=true manifest attribute so JMeter can skip classfile scanning
2025-10-22 14:58:50,600 INFO o.a.j.r.ClassFinder: Will scan jar D:\AAA_Performance\apache-jmeter-5.6.3\lib\ext\jmeter-plugins-manager-1.10.jar with filter ExtendsClassFilter [parents=[interface org.apache.jmeter.functions.Function], inner=false, contains=null, notContains=null]. Consider exposing JMeter plugins via META-INF/services, and add JMeter-Skip-Class-Scanning=true manifest attribute so JMeter can skip classfile scanning
2025-10-22 14:58:50,825 INFO o.a.j.JMeter: Running test (1761155930825)
2025-10-22 14:58:50,845 INFO o.a.j.e.StandardJMeterEngine: Starting ThreadGroup: 1 : 200 Thread
2025-10-22 14:58:50,845 INFO o.a.j.e.StandardJMeterEngine: Starting 5 threads for group 200 Thread.
2025-10-22 14:58:50,845 INFO o.a.j.e.StandardJMeterEngine: Thread will continue on error
2025-10-22 14:58:50,845 INFO o.a.j.t.ThreadGroup: Starting thread group... number=1 threads=5 ramp-up=30 delayedStart=false
2025-10-22 14:58:50,852 INFO o.a.j.t.ThreadGroup: Started thread group number 1
2025-10-22 14:58:50,852 INFO o.a.j.e.StandardJMeterEngine: Starting ThreadGroup: 2 : 502 Thread
2025-10-22 14:58:50,852 INFO o.a.j.e.StandardJMeterEngine: Starting 1 threads for group 502 Thread.
2025-10-22 14:58:50,852 INFO o.a.j.e.StandardJMeterEngine: Thread will continue on error
2025-10-22 14:58:50,852 INFO o.a.j.t.ThreadGroup: Starting thread group... number=2 threads=1 ramp-up=5 delayedStart=false
2025-10-22 14:58:50,855 INFO o.a.j.t.JMeterThread: Thread started: 200 Thread 1-1
2025-10-22 14:58:50,855 INFO o.a.j.t.ThreadGroup: Started thread group number 2
2025-10-22 14:58:50,855 INFO o.a.j.e.StandardJMeterEngine: Starting ThreadGroup: 3 : 504 Thread
2025-10-22 14:58:50,856 INFO o.a.j.e.StandardJMeterEngine: Starting 1 threads for group 504 Thread.
2025-10-22 14:58:50,856 INFO o.a.j.e.StandardJMeterEngine: Thread will continue on error
2025-10-22 14:58:50,856 INFO o.a.j.t.ThreadGroup: Starting thread group... number=3 threads=1 ramp-up=15 delayedStart=false
2025-10-22 14:58:50,856 INFO o.a.j.t.JMeterThread: Thread started: 502 Thread 2-1
2025-10-22 14:58:50,856 INFO o.a.j.t.ThreadGroup: Started thread group number 3
2025-10-22 14:58:50,856 INFO o.a.j.e.StandardJMeterEngine: Starting ThreadGroup: 4 : 429 Thread
2025-10-22 14:58:50,856 INFO o.a.j.e.StandardJMeterEngine: Starting 1 threads for group 429 Thread.
2025-10-22 14:58:50,856 INFO o.a.j.e.StandardJMeterEngine: Thread will continue on error
2025-10-22 14:58:50,856 INFO o.a.j.t.ThreadGroup: Starting thread group... number=4 threads=1 ramp-up=5 delayedStart=false
2025-10-22 14:58:50,857 INFO o.a.j.t.JMeterThread: Thread started: 504 Thread 3-1
2025-10-22 14:58:50,857 INFO o.a.j.t.ThreadGroup: Started thread group number 4
2025-10-22 14:58:50,857 INFO o.a.j.e.StandardJMeterEngine: Starting ThreadGroup: 5 : 404 Thread
2025-10-22 14:58:50,857 INFO o.a.j.e.StandardJMeterEngine: Starting 1 threads for group 404 Thread.
2025-10-22 14:58:50,857 INFO o.a.j.e.StandardJMeterEngine: Thread will continue on error
2025-10-22 14:58:50,857 INFO o.a.j.t.ThreadGroup: Starting thread group... number=5 threads=1 ramp-up=10 delayedStart=false
2025-10-22 14:58:50,857 INFO o.a.j.t.JMeterThread: Thread started: 429 Thread 4-1
2025-10-22 14:58:50,858 INFO o.a.j.t.ThreadGroup: Started thread group number 5
2025-10-22 14:58:50,858 INFO o.a.j.e.StandardJMeterEngine: All thread groups have been started
2025-10-22 14:58:50,858 INFO o.a.j.t.JMeterThread: Thread started: 404 Thread 5-1
2025-10-22 14:58:54,006 INFO o.a.j.p.h.s.HTTPHCAbstractImpl: Local host = TestMinds01
2025-10-22 14:58:54,014 INFO o.a.j.p.h.s.HTTPHC4Impl: HTTP request retry count = 0
2025-10-22 14:58:54,015 INFO o.a.j.s.SampleResult: Note: Sample TimeStamps are START times
2025-10-22 14:58:54,015 INFO o.a.j.s.SampleResult: sampleresult.default.encoding is set to UTF-8
2025-10-22 14:58:54,015 INFO o.a.j.s.SampleResult: sampleresult.useNanoTime=true
2025-10-22 14:58:54,015 INFO o.a.j.s.SampleResult: sampleresult.nanoThreadSleep=5000
2025-10-22 14:58:54,173 INFO o.a.j.p.h.s.h.LazyLayeredConnectionSocketFactory: Setting up HTTPS TrustAll Socket Factory
2025-10-22 14:58:54,182 INFO o.a.j.u.JsseSSLManager: Using default SSL protocol: TLS
2025-10-22 14:58:54,182 INFO o.a.j.u.JsseSSLManager: SSL session context: per-thread
2025-10-22 14:58:54,334 INFO o.a.j.u.SSLManager: JmeterKeyStore Location:  type JKS
2025-10-22 14:58:54,340 INFO o.a.j.u.SSLManager: KeyStore created OK
2025-10-22 14:58:54,340 WARN o.a.j.u.SSLManager: Keystore file not found, loading empty keystore
2025-10-22 14:58:56,112 INFO o.a.j.t.JMeterThread: Thread is done: 429 Thread 4-1
2025-10-22 14:58:56,112 INFO o.a.j.t.JMeterThread: Thread finished: 429 Thread 4-1
2025-10-22 14:58:56,173 INFO o.a.j.t.JMeterThread: Thread is done: 502 Thread 2-1
2025-10-22 14:58:56,173 INFO o.a.j.t.JMeterThread: Thread finished: 502 Thread 2-1
2025-10-22 14:58:56,852 INFO o.a.j.t.JMeterThread: Thread started: 200 Thread 1-2
2025-10-22 14:59:00,090 INFO o.a.j.r.Summariser: summary +      7 in 00:00:09 =    0.8/s Avg:   315 Min:   181 Max:   735 Err:     4 (57.14%) Active: 4 Started: 6 Finished: 2
2025-10-22 14:59:01,275 INFO o.a.j.t.JMeterThread: Thread is done: 404 Thread 5-1
2025-10-22 14:59:01,275 INFO o.a.j.t.JMeterThread: Thread finished: 404 Thread 5-1
2025-10-22 14:59:01,372 INFO o.a.j.t.JMeterThread: Thread is done: 504 Thread 3-1
2025-10-22 14:59:01,372 INFO o.a.j.t.JMeterThread: Thread finished: 504 Thread 3-1
2025-10-22 14:59:02,851 INFO o.a.j.t.JMeterThread: Thread started: 200 Thread 1-3
2025-10-22 14:59:07,595 INFO o.a.j.t.JMeterThread: Thread is done: 200 Thread 1-1
2025-10-22 14:59:07,595 INFO o.a.j.t.JMeterThread: Thread finished: 200 Thread 1-1
2025-10-22 14:59:08,850 INFO o.a.j.t.JMeterThread: Thread started: 200 Thread 1-4
2025-10-22 14:59:12,809 INFO o.a.j.t.JMeterThread: Thread is done: 200 Thread 1-2
2025-10-22 14:59:12,810 INFO o.a.j.t.JMeterThread: Thread finished: 200 Thread 1-2
2025-10-22 14:59:14,849 INFO o.a.j.t.JMeterThread: Thread started: 200 Thread 1-5
2025-10-22 14:59:18,774 INFO o.a.j.t.JMeterThread: Thread is done: 200 Thread 1-3
2025-10-22 14:59:18,776 INFO o.a.j.t.JMeterThread: Thread finished: 200 Thread 1-3
2025-10-22 14:59:24,826 INFO o.a.j.t.JMeterThread: Thread is done: 200 Thread 1-4
2025-10-22 14:59:24,827 INFO o.a.j.t.JMeterThread: Thread finished: 200 Thread 1-4
2025-10-22 14:59:30,779 INFO o.a.j.r.Summariser: summary +     24 in 00:00:31 =    0.8/s Avg:   179 Min:   152 Max:   240 Err:     2 (8.33%) Active: 1 Started: 9 Finished: 8
2025-10-22 14:59:30,779 INFO o.a.j.r.Summariser: summary =     31 in 00:00:40 =    0.8/s Avg:   210 Min:   152 Max:   735 Err:     6 (19.35%)
2025-10-22 14:59:30,780 INFO o.a.j.t.JMeterThread: Thread is done: 200 Thread 1-5
2025-10-22 14:59:30,780 INFO o.a.j.t.JMeterThread: Thread finished: 200 Thread 1-5
2025-10-22 14:59:30,780 INFO o.a.j.e.StandardJMeterEngine: Notifying test listeners of end of test
2025-10-22 14:59:30,782 INFO o.a.j.r.Summariser: summary =     31 in 00:00:40 =    0.8/s Avg:   210 Min:   152 Max:   735 Err:     6 (19.35%)
2025-10-22 14:59:30,782 INFO o.a.j.JMeter: Generating Dashboard
2025-10-22 14:59:30,782 INFO o.a.j.r.d.ReportGenerator: Flushing result collector before report Generation
2025-10-22 14:59:30,890 INFO o.a.j.r.p.NormalizerSampleConsumer: Using format, 'ms', to parse timeStamp field
2025-10-22 14:59:31,121 INFO o.a.j.r.p.AbstractSampleConsumer: class org.apache.jmeter.report.processor.AggregateConsumer#stopProducing(): beginDate produced 0 samples
2025-10-22 14:59:31,121 INFO o.a.j.r.p.AbstractSampleConsumer: class org.apache.jmeter.report.processor.AggregateConsumer#stopProducing(): endDate produced 0 samples
2025-10-22 14:59:31,125 INFO o.a.j.r.p.AbstractSampleConsumer: class org.apache.jmeter.report.processor.ApdexSummaryConsumer#stopProducing(): apdexSummary produced 0 samples
2025-10-22 14:59:31,125 INFO o.a.j.r.p.AbstractSampleConsumer: class org.apache.jmeter.report.processor.RequestsSummaryConsumer#stopProducing(): requestsSummary produced 0 samples
2025-10-22 14:59:31,130 INFO o.a.j.r.p.AbstractSampleConsumer: class org.apache.jmeter.report.processor.StatisticsSummaryConsumer#stopProducing(): statisticsSummary produced 0 samples
2025-10-22 14:59:31,133 INFO o.a.j.r.p.AbstractSampleConsumer: class org.apache.jmeter.report.processor.Top5ErrorsBySamplerConsumer#stopProducing(): top5ErrorsBySampler produced 0 samples
2025-10-22 14:59:31,133 INFO o.a.j.r.p.AbstractSampleConsumer: class org.apache.jmeter.report.processor.ErrorsSummaryConsumer#stopProducing(): errorsSummary produced 0 samples
2025-10-22 14:59:31,133 INFO o.a.j.r.p.AbstractSampleConsumer: class org.apache.jmeter.report.processor.graph.impl.HitsPerSecondGraphConsumer#stopProducing(): hitsPerSecond produced 0 samples
2025-10-22 14:59:31,150 INFO o.a.j.r.p.AbstractSampleConsumer: class org.apache.jmeter.report.processor.graph.impl.LatencyVSRequestGraphConsumer#stopProducing(): latencyVsRequest produced 0 samples
2025-10-22 14:59:31,150 INFO o.a.j.r.p.AbstractSampleConsumer: class org.apache.jmeter.report.processor.graph.impl.SyntheticResponseTimeDistributionGraphConsumer#stopProducing(): syntheticResponseTimeDistribution produced 0 samples
2025-10-22 14:59:31,151 INFO o.a.j.r.p.AbstractSampleConsumer: class org.apache.jmeter.report.processor.graph.impl.BytesThroughputGraphConsumer#stopProducing(): bytesThroughputOverTime produced 0 samples
2025-10-22 14:59:31,151 INFO o.a.j.r.p.AbstractSampleConsumer: class org.apache.jmeter.report.processor.graph.impl.CodesPerSecondGraphConsumer#stopProducing(): codesPerSecond produced 0 samples
2025-10-22 14:59:31,154 INFO o.a.j.r.p.AbstractSampleConsumer: class org.apache.jmeter.report.processor.graph.impl.ResponseTimeVSRequestGraphConsumer#stopProducing(): responseTimeVsRequest produced 0 samples
2025-10-22 14:59:31,154 INFO o.a.j.r.p.AbstractSampleConsumer: class org.apache.jmeter.report.processor.FilterConsumer#stopProducing(): startIntervalControlerFilter produced 217 samples
2025-10-22 14:59:31,154 INFO o.a.j.r.p.AbstractSampleConsumer: class org.apache.jmeter.report.processor.graph.impl.TotalTPSGraphConsumer#stopProducing(): totalTPS produced 0 samples
2025-10-22 14:59:31,155 INFO o.a.j.r.p.AbstractSampleConsumer: class org.apache.jmeter.report.processor.graph.impl.ActiveThreadsGraphConsumer#stopProducing(): activeThreadsOverTime produced 0 samples
2025-10-22 14:59:31,155 INFO o.a.j.r.p.AbstractSampleConsumer: class org.apache.jmeter.report.processor.graph.impl.TimeVSThreadGraphConsumer#stopProducing(): timeVsThreads produced 0 samples
2025-10-22 14:59:31,155 INFO o.a.j.r.p.AbstractSampleConsumer: class org.apache.jmeter.report.processor.graph.impl.ResponseTimeDistributionGraphConsumer#stopProducing(): responseTimeDistribution produced 0 samples
2025-10-22 14:59:31,155 INFO o.a.j.r.p.AbstractSampleConsumer: class org.apache.jmeter.report.processor.graph.impl.TransactionsPerSecondGraphConsumer#stopProducing(): transactionsPerSecond produced 0 samples
2025-10-22 14:59:31,155 INFO o.a.j.r.p.AbstractSampleConsumer: class org.apache.jmeter.report.processor.graph.impl.ResponseTimePercentilesGraphConsumer#stopProducing(): responseTimePercentiles produced 0 samples
2025-10-22 14:59:31,157 INFO o.a.j.r.p.AbstractSampleConsumer: class org.apache.jmeter.report.processor.graph.impl.ResponseTimePercentilesOverTimeGraphConsumer#stopProducing(): responseTimePercentilesOverTime produced 0 samples
2025-10-22 14:59:31,157 INFO o.a.j.r.p.AbstractSampleConsumer: class org.apache.jmeter.report.processor.graph.impl.ResponseTimeOverTimeGraphConsumer#stopProducing(): responseTimesOverTime produced 0 samples
2025-10-22 14:59:31,157 INFO o.a.j.r.p.AbstractSampleConsumer: class org.apache.jmeter.report.processor.graph.impl.ConnectTimeOverTimeGraphConsumer#stopProducing(): connectTimeOverTime produced 0 samples
2025-10-22 14:59:31,157 INFO o.a.j.r.p.AbstractSampleConsumer: class org.apache.jmeter.report.processor.graph.impl.LatencyOverTimeGraphConsumer#stopProducing(): latenciesOverTime produced 0 samples
2025-10-22 14:59:31,157 INFO o.a.j.r.p.AbstractSampleConsumer: class org.apache.jmeter.report.processor.FilterConsumer#stopProducing(): nameFilter produced 465 samples
2025-10-22 14:59:31,157 INFO o.a.j.r.p.AbstractSampleConsumer: class org.apache.jmeter.report.processor.FilterConsumer#stopProducing(): dateRangeFilter produced 93 samples
2025-10-22 14:59:31,157 INFO o.a.j.r.p.AbstractSampleConsumer: class org.apache.jmeter.report.processor.NormalizerSampleConsumer#stopProducing(): normalizer produced 31 samples
2025-10-22 14:59:31,159 INFO o.a.j.r.p.CsvFileSampleSource: produce(): 31 samples produced in 239ms on channel 0
2025-10-22 14:59:31,159 INFO o.a.j.r.d.ReportGenerator: Exporting data using exporter:'json' of className:'org.apache.jmeter.report.dashboard.JsonExporter'
2025-10-22 14:59:31,257 INFO o.a.j.r.d.JsonExporter: Found data for consumer statisticsSummary in context
2025-10-22 14:59:31,257 INFO o.a.j.r.d.JsonExporter: Creating statistics for overall
2025-10-22 14:59:31,257 INFO o.a.j.r.d.JsonExporter: Creating statistics for other transactions
2025-10-22 14:59:31,258 INFO o.a.j.r.d.JsonExporter: Checking output folder
2025-10-22 14:59:31,258 INFO o.a.j.r.d.JsonExporter: Writing statistics JSON to D:\AAA_Performance\results\report\statistics.json
2025-10-22 14:59:31,298 INFO o.a.j.r.d.ReportGenerator: Exporting data using exporter:'html' of className:'org.apache.jmeter.report.dashboard.HtmlTemplateExporter'
2025-10-22 14:59:31,301 INFO o.a.j.r.d.HtmlTemplateExporter: Will generate dashboard in folder: D:\AAA_Performance\results\report
2025-10-22 14:59:31,495 INFO o.a.j.r.d.HtmlTemplateExporter: Report will be generated in: D:\AAA_Performance\results\report, creating folder structure
2025-10-22 14:59:31,499 INFO o.a.j.r.d.TemplateVisitor: Copying folder from 'D:\AAA_Performance\apache-jmeter-5.6.3\bin\report-template' to 'D:\AAA_Performance\results\report', got message: D:\AAA_Performance\results\report, found non empty folder with following content [D:\AAA_Performance\results\report\statistics.json], will be ignored
2025-10-22 14:59:33,762 INFO o.a.j.JMeter: Dashboard generated
